.............                                                            [100%]
================================ tests coverage ================================
_______________ coverage: platform linux, python 3.12.3-final-0 ________________

Name                           Stmts   Miss  Cover   Missing
------------------------------------------------------------
examples/render-agent/app.py      53      2    96%   125-126
------------------------------------------------------------
TOTAL                             53      2    96%
13 passed in 1.64s
